// Vitest Snapshot v1, https://vitest.dev/guide/snapshot.html

exports[`serve web (/Users/jgmw/Development/redwood/redwood/packages/web-server/dist/server.js) > errors out on unknown args 1`] = `
"rw-web-server

Start server for serving only the web side

Options:
      --help                 Show help                                 [boolean]
      --version              Show version number                       [boolean]
  -p, --port                                            [number] [default: 8910]
      --socket                                                          [string]
      --apiHost, --api-host  Forward requests from the apiUrl, defined in
                             redwood.toml, to this host                 [string]

Unknown arguments: foo, bar, baz
"
`;

exports[`serve web (/Users/jgmw/Development/redwood/redwood/packages/web-server/dist/server.js) > fails if apiHost isn't set and apiUrl isn't fully qualified 1`] = `
"Error: If you don't provide apiHost, apiUrl needs to be a fully-qualified URL. But apiUrl is /.redwood/functions.
"
`;

exports[`serve web ([ '/Users/jgmw/Development/redwood/redwood/packages/api-server/dist/index.js', 'web' ]) > errors out on unknown args 1`] = `
"rw-server web

Start server for serving only the web side

Options:
      --help                 Show help                                 [boolean]
      --version              Show version number                       [boolean]
  -p, --port                                            [number] [default: 8910]
      --socket                                                          [string]
      --apiHost, --api-host  Forward requests from the apiUrl, defined in
                             redwood.toml, to this host                 [string]

Unknown arguments: foo, bar, baz
"
`;

exports[`serve web ([ '/Users/jgmw/Development/redwood/redwood/packages/api-server/dist/index.js', 'web' ]) > fails if apiHost isn't set and apiUrl isn't fully qualified 1`] = `
"[31mError[39m: If you don't provide [35mapiHost[39m, [35mapiUrl[39m needs to be a fully-qualified URL. But [35mapiUrl[39m is [33m/.redwood/functions[39m.
"
`;
