// Jest Snapshot v1, https://goo.gl/fbAQLP

exports[`Generate gql typedefs api 1`] = `
"import { GraphQLResolveInfo, GraphQLScalarType, GraphQLScalarTypeConfig } from 'graphql';
import { RedwoodGraphQLContext } from '@redwoodjs/graphql-server/dist/functions/types';
export type Maybe<T> = T | null;
export type InputMaybe<T> = Maybe<T>;
export type Exact<T extends { [key: string]: unknown }> = { [K in keyof T]: T[K] };
export type MakeOptional<T, K extends keyof T> = Omit<T, K> & { [SubKey in K]?: Maybe<T[SubKey]> };
export type MakeMaybe<T, K extends keyof T> = Omit<T, K> & { [SubKey in K]: Maybe<T[SubKey]> };
export type ResolverFn<TResult, TParent, TContext, TArgs> = (
      args?: TArgs,
      obj?: { root: TParent; context: TContext; info: GraphQLResolveInfo }
    ) => Promise<Partial<TResult>> | Partial<TResult>;
export type RequireFields<T, K extends keyof T> = Omit<T, K> & { [P in K]-?: NonNullable<T[P]> };
/** All built-in and custom scalars, mapped to their actual values */
export type Scalars = {
  ID: string;
  String: string;
  Boolean: boolean;
  Int: number;
  Float: number;
  BigInt: number;
  Date: string;
  DateTime: string;
  JSON: Prisma.JsonValue;
  JSONObject: Prisma.JsonObject;
  Time: string;
};

export type Mutation = {
  __typename?: 'Mutation';
  createTodo?: Maybe<Todo>;
  renameTodo?: Maybe<Todo>;
  updateTodoStatus?: Maybe<Todo>;
};


export type MutationcreateTodoArgs = {
  body: Scalars['String'];
};


export type MutationrenameTodoArgs = {
  body: Scalars['String'];
  id: Scalars['Int'];
};


export type MutationupdateTodoStatusArgs = {
  id: Scalars['Int'];
  status: Scalars['String'];
};

export type Query = {
  __typename?: 'Query';
  currentUser?: Maybe<Scalars['JSON']>;
  redwood?: Maybe<Redwood>;
  todos?: Maybe<Array<Maybe<Todo>>>;
  todosCount: Scalars['Int'];
};

export type Redwood = {
  __typename?: 'Redwood';
  currentUser?: Maybe<Scalars['JSON']>;
  prismaVersion?: Maybe<Scalars['String']>;
  version?: Maybe<Scalars['String']>;
};

export type Todo = {
  __typename?: 'Todo';
  body: Scalars['String'];
  id: Scalars['Int'];
  status: Scalars['String'];
};



export type ResolverTypeWrapper<T> = Promise<T> | T;

export type Resolver<TResult, TParent = {}, TContext = {}, TArgs = {}> = ResolverFn<TResult, TParent, TContext, TArgs>;

export type SubscriptionSubscribeFn<TResult, TParent, TContext, TArgs> = (
  parent: TParent,
  args: TArgs,
  context: TContext,
  info: GraphQLResolveInfo
) => AsyncIterable<TResult> | Promise<AsyncIterable<TResult>>;

export type SubscriptionResolveFn<TResult, TParent, TContext, TArgs> = (
  parent: TParent,
  args: TArgs,
  context: TContext,
  info: GraphQLResolveInfo
) => TResult | Promise<TResult>;

export interface SubscriptionSubscriberObject<TResult, TKey extends string, TParent, TContext, TArgs> {
  subscribe: SubscriptionSubscribeFn<{ [key in TKey]: TResult }, TParent, TContext, TArgs>;
  resolve?: SubscriptionResolveFn<TResult, { [key in TKey]: TResult }, TContext, TArgs>;
}

export interface SubscriptionResolverObject<TResult, TParent, TContext, TArgs> {
  subscribe: SubscriptionSubscribeFn<any, TParent, TContext, TArgs>;
  resolve: SubscriptionResolveFn<TResult, any, TContext, TArgs>;
}

export type SubscriptionObject<TResult, TKey extends string, TParent, TContext, TArgs> =
  | SubscriptionSubscriberObject<TResult, TKey, TParent, TContext, TArgs>
  | SubscriptionResolverObject<TResult, TParent, TContext, TArgs>;

export type SubscriptionResolver<TResult, TKey extends string, TParent = {}, TContext = {}, TArgs = {}> =
  | ((...args: any[]) => SubscriptionObject<TResult, TKey, TParent, TContext, TArgs>)
  | SubscriptionObject<TResult, TKey, TParent, TContext, TArgs>;

export type TypeResolveFn<TTypes, TParent = {}, TContext = {}> = (
  parent: TParent,
  context: TContext,
  info: GraphQLResolveInfo
) => Maybe<TTypes> | Promise<Maybe<TTypes>>;

export type IsTypeOfResolverFn<T = {}, TContext = {}> = (obj: T, context: TContext, info: GraphQLResolveInfo) => boolean | Promise<boolean>;

export type NextResolverFn<T> = () => Promise<T>;

export type DirectiveResolverFn<TResult = {}, TParent = {}, TContext = {}, TArgs = {}> = (
  next: NextResolverFn<TResult>,
  parent: TParent,
  args: TArgs,
  context: TContext,
  info: GraphQLResolveInfo
) => TResult | Promise<TResult>;

/** Mapping between all available schema types and the resolvers types */
export type ResolversTypes = {
  BigInt: ResolverTypeWrapper<Scalars['BigInt']>;
  Boolean: ResolverTypeWrapper<Scalars['Boolean']>;
  Date: ResolverTypeWrapper<Scalars['Date']>;
  DateTime: ResolverTypeWrapper<Scalars['DateTime']>;
  Int: ResolverTypeWrapper<Scalars['Int']>;
  JSON: ResolverTypeWrapper<Scalars['JSON']>;
  JSONObject: ResolverTypeWrapper<Scalars['JSONObject']>;
  Mutation: ResolverTypeWrapper<{}>;
  Query: ResolverTypeWrapper<{}>;
  Redwood: ResolverTypeWrapper<Redwood>;
  String: ResolverTypeWrapper<Scalars['String']>;
  Time: ResolverTypeWrapper<Scalars['Time']>;
  Todo: ResolverTypeWrapper<Todo>;
};

/** Mapping between all available schema types and the resolvers parents */
export type ResolversParentTypes = {
  BigInt: Scalars['BigInt'];
  Boolean: Scalars['Boolean'];
  Date: Scalars['Date'];
  DateTime: Scalars['DateTime'];
  Int: Scalars['Int'];
  JSON: Scalars['JSON'];
  JSONObject: Scalars['JSONObject'];
  Mutation: {};
  Query: {};
  Redwood: Redwood;
  String: Scalars['String'];
  Time: Scalars['Time'];
  Todo: Todo;
};

export type requireAuthDirectiveArgs = {
  roles?: Maybe<Array<Maybe<Scalars['String']>>>;
};

export type requireAuthDirectiveResolver<Result, Parent, ContextType = RedwoodGraphQLContext, Args = requireAuthDirectiveArgs> = DirectiveResolverFn<Result, Parent, ContextType, Args>;

export type skipAuthDirectiveArgs = { };

export type skipAuthDirectiveResolver<Result, Parent, ContextType = RedwoodGraphQLContext, Args = skipAuthDirectiveArgs> = DirectiveResolverFn<Result, Parent, ContextType, Args>;

export interface BigIntScalarConfig extends GraphQLScalarTypeConfig<ResolversTypes['BigInt'], any> {
  name: 'BigInt';
}

export interface DateScalarConfig extends GraphQLScalarTypeConfig<ResolversTypes['Date'], any> {
  name: 'Date';
}

export interface DateTimeScalarConfig extends GraphQLScalarTypeConfig<ResolversTypes['DateTime'], any> {
  name: 'DateTime';
}

export interface JSONScalarConfig extends GraphQLScalarTypeConfig<ResolversTypes['JSON'], any> {
  name: 'JSON';
}

export interface JSONObjectScalarConfig extends GraphQLScalarTypeConfig<ResolversTypes['JSONObject'], any> {
  name: 'JSONObject';
}

export type MutationResolvers<ContextType = RedwoodGraphQLContext, ParentType extends ResolversParentTypes['Mutation'] = ResolversParentTypes['Mutation']> = {
  createTodo?: Resolver<Maybe<ResolversTypes['Todo']>, ParentType, ContextType, RequireFields<MutationcreateTodoArgs, 'body'>>;
  renameTodo?: Resolver<Maybe<ResolversTypes['Todo']>, ParentType, ContextType, RequireFields<MutationrenameTodoArgs, 'body' | 'id'>>;
  updateTodoStatus?: Resolver<Maybe<ResolversTypes['Todo']>, ParentType, ContextType, RequireFields<MutationupdateTodoStatusArgs, 'id' | 'status'>>;
};

export type QueryResolvers<ContextType = RedwoodGraphQLContext, ParentType extends ResolversParentTypes['Query'] = ResolversParentTypes['Query']> = {
  currentUser?: Resolver<Maybe<ResolversTypes['JSON']>, ParentType, ContextType>;
  redwood?: Resolver<Maybe<ResolversTypes['Redwood']>, ParentType, ContextType>;
  todos?: Resolver<Maybe<Array<Maybe<ResolversTypes['Todo']>>>, ParentType, ContextType>;
  todosCount?: Resolver<ResolversTypes['Int'], ParentType, ContextType>;
};

export type RedwoodResolvers<ContextType = RedwoodGraphQLContext, ParentType extends ResolversParentTypes['Redwood'] = ResolversParentTypes['Redwood']> = {
  currentUser?: Resolver<Maybe<ResolversTypes['JSON']>, ParentType, ContextType>;
  prismaVersion?: Resolver<Maybe<ResolversTypes['String']>, ParentType, ContextType>;
  version?: Resolver<Maybe<ResolversTypes['String']>, ParentType, ContextType>;
  __isTypeOf?: IsTypeOfResolverFn<ParentType, ContextType>;
};

export interface TimeScalarConfig extends GraphQLScalarTypeConfig<ResolversTypes['Time'], any> {
  name: 'Time';
}

export type TodoResolvers<ContextType = RedwoodGraphQLContext, ParentType extends ResolversParentTypes['Todo'] = ResolversParentTypes['Todo']> = {
  body?: Resolver<ResolversTypes['String'], ParentType, ContextType>;
  id?: Resolver<ResolversTypes['Int'], ParentType, ContextType>;
  status?: Resolver<ResolversTypes['String'], ParentType, ContextType>;
  __isTypeOf?: IsTypeOfResolverFn<ParentType, ContextType>;
};

export type Resolvers<ContextType = RedwoodGraphQLContext> = {
  BigInt?: GraphQLScalarType;
  Date?: GraphQLScalarType;
  DateTime?: GraphQLScalarType;
  JSON?: GraphQLScalarType;
  JSONObject?: GraphQLScalarType;
  Mutation?: MutationResolvers<ContextType>;
  Query?: QueryResolvers<ContextType>;
  Redwood?: RedwoodResolvers<ContextType>;
  Time?: GraphQLScalarType;
  Todo?: TodoResolvers<ContextType>;
};

export type DirectiveResolvers<ContextType = RedwoodGraphQLContext> = {
  requireAuth?: requireAuthDirectiveResolver<any, any, ContextType>;
  skipAuth?: skipAuthDirectiveResolver<any, any, ContextType>;
};
"
`;

exports[`Generate gql typedefs web 1`] = `
"export type Maybe<T> = T | null;
export type InputMaybe<T> = Maybe<T>;
export type Exact<T extends { [key: string]: unknown }> = { [K in keyof T]: T[K] };
export type MakeOptional<T, K extends keyof T> = Omit<T, K> & { [SubKey in K]?: Maybe<T[SubKey]> };
export type MakeMaybe<T, K extends keyof T> = Omit<T, K> & { [SubKey in K]: Maybe<T[SubKey]> };
/** All built-in and custom scalars, mapped to their actual values */
export type Scalars = {
  ID: string;
  String: string;
  Boolean: boolean;
  Int: number;
  Float: number;
  BigInt: number;
  Date: string;
  DateTime: string;
  JSON: Prisma.JsonValue;
  JSONObject: Prisma.JsonObject;
  Time: string;
};

export type Mutation = {
  __typename?: 'Mutation';
  createTodo?: Maybe<Todo>;
  renameTodo?: Maybe<Todo>;
  updateTodoStatus?: Maybe<Todo>;
};


export type MutationcreateTodoArgs = {
  body: Scalars['String'];
};


export type MutationrenameTodoArgs = {
  body: Scalars['String'];
  id: Scalars['Int'];
};


export type MutationupdateTodoStatusArgs = {
  id: Scalars['Int'];
  status: Scalars['String'];
};

export type Query = {
  __typename?: 'Query';
  currentUser?: Maybe<Scalars['JSON']>;
  redwood?: Maybe<Redwood>;
  todos?: Maybe<Array<Maybe<Todo>>>;
  todosCount: Scalars['Int'];
};

export type Redwood = {
  __typename?: 'Redwood';
  currentUser?: Maybe<Scalars['JSON']>;
  prismaVersion?: Maybe<Scalars['String']>;
  version?: Maybe<Scalars['String']>;
};

export type Todo = {
  __typename?: 'Todo';
  body: Scalars['String'];
  id: Scalars['Int'];
  status: Scalars['String'];
};

export type AddTodo_CreateTodoVariables = Exact<{
  body: Scalars['String'];
}>;


export type AddTodo_CreateTodo = { __typename?: 'Mutation', createTodo?: { __typename: 'Todo', id: number, body: string, status: string } | null };

export type NumTodosCell_GetCountVariables = Exact<{ [key: string]: never; }>;


export type NumTodosCell_GetCount = { __typename?: 'Query', todosCount: number };

export type TodoListCell_GetTodosVariables = Exact<{ [key: string]: never; }>;


export type TodoListCell_GetTodos = { __typename?: 'Query', todos?: Array<{ __typename?: 'Todo', id: number, body: string, status: string } | null> | null };

export type TodoListCell_CheckTodoVariables = Exact<{
  id: Scalars['Int'];
  status: Scalars['String'];
}>;


export type TodoListCell_CheckTodo = { __typename?: 'Mutation', updateTodoStatus?: { __typename: 'Todo', id: number, status: string } | null };
"
`;
