// Jest Snapshot v1, https://goo.gl/fbAQLP

exports[`handler can be called with PascalCase model name 1`] = `
{
  "fileContent": "export const schema = gql\`
  type User {
    id: Int!
    name: String
    email: String!
    isAdmin: Boolean!
    profiles: [UserProfile]!
  }

  type Query {
    users: [User!]! @requireAuth
    user(id: Int!): User @requireAuth
  }

  input CreateUserInput {
    name: String
    email: String!
    isAdmin: Boolean!
  }

  input UpdateUserInput {
    name: String
    email: String
    isAdmin: Boolean
  }

  type Mutation {
    createUser(input: CreateUserInput!): User! @requireAuth
    updateUser(id: Int!, input: UpdateUserInput!): User! @requireAuth
    deleteUser(id: Int!): User! @requireAuth
  }
\`
",
  "filePath": "/path/to/project/api/src/graphql/users.sdl.js",
}
`;

exports[`handler can be called with PascalCase model name 2`] = `
{
  "fileContent": "export const standard = defineScenario({
  user: {
    one: { data: { email: 'String1234567' } },
    two: { data: { email: 'String1234567' } },
  },
})
",
  "filePath": "/path/to/project/api/src/services/users/users.scenarios.js",
}
`;

exports[`handler can be called with PascalCase model name 3`] = `
{
  "fileContent": "import { users, user, createUser, updateUser, deleteUser } from './users'

// Generated boilerplate tests do not account for all circumstances
// and can fail without adjustments, e.g. Float.
//           Please refer to the RedwoodJS Testing Docs:
//       https://redwoodjs.com/docs/testing#testing-services
// https://redwoodjs.com/docs/testing#jest-expect-type-considerations

describe('users', () => {
  scenario('returns all users', async (scenario) => {
    const result = await users()

    expect(result.length).toEqual(Object.keys(scenario.user).length)
  })

  scenario('returns a single user', async (scenario) => {
    const result = await user({ id: scenario.user.one.id })

    expect(result).toEqual(scenario.user.one)
  })

  scenario('creates a user', async () => {
    const result = await createUser({
      input: { email: 'String1234567' },
    })

    expect(result.email).toEqual('String1234567')
  })

  scenario('updates a user', async (scenario) => {
    const original = await user({ id: scenario.user.one.id })
    const result = await updateUser({
      id: original.id,
      input: { email: 'String12345672' },
    })

    expect(result.email).toEqual('String12345672')
  })

  scenario('deletes a user', async (scenario) => {
    const original = await deleteUser({ id: scenario.user.one.id })
    const result = await user({ id: original.id })

    expect(result).toEqual(null)
  })
})
",
  "filePath": "/path/to/project/api/src/services/users/users.test.js",
}
`;

exports[`handler can be called with PascalCase model name 4`] = `
{
  "fileContent": "import { db } from 'src/lib/db'

export const users = () => {
  return db.user.findMany()
}

export const user = ({ id }) => {
  return db.user.findUnique({
    where: { id },
  })
}

export const createUser = ({ input }) => {
  return db.user.create({
    data: input,
  })
}

export const updateUser = ({ id, input }) => {
  return db.user.update({
    data: input,
    where: { id },
  })
}

export const deleteUser = ({ id }) => {
  return db.user.delete({
    where: { id },
  })
}

export const User = {
  profiles: (_obj, { root }) => {
    return db.user.findUnique({ where: { id: root?.id } }).profiles()
  },
}
",
  "filePath": "/path/to/project/api/src/services/users/users.js",
}
`;

exports[`handler can be called with PascalCase model name 5`] = `
{
  "fileContent": "export const schema = gql\`
  type CustomData {
    id: Int!
    data: String!
  }

  type Query {
    customDatums: [CustomData!]! @requireAuth
    customData(id: Int!): CustomData @requireAuth
  }

  input CreateCustomDataInput {
    data: String!
  }

  input UpdateCustomDataInput {
    data: String
  }

  type Mutation {
    createCustomData(input: CreateCustomDataInput!): CustomData! @requireAuth
    updateCustomData(id: Int!, input: UpdateCustomDataInput!): CustomData!
      @requireAuth
    deleteCustomData(id: Int!): CustomData! @requireAuth
  }
\`
",
  "filePath": "/path/to/project/api/src/graphql/customDatums.sdl.js",
}
`;

exports[`handler can be called with PascalCase model name 6`] = `
{
  "fileContent": "export const standard = defineScenario({
  customData: {
    one: { data: { data: 'String' } },
    two: { data: { data: 'String' } },
  },
})
",
  "filePath": "/path/to/project/api/src/services/customDatums/customDatums.scenarios.js",
}
`;

exports[`handler can be called with PascalCase model name 7`] = `
{
  "fileContent": "import {
  customDatums,
  customData,
  createCustomData,
  updateCustomData,
  deleteCustomData,
} from './customDatums'

// Generated boilerplate tests do not account for all circumstances
// and can fail without adjustments, e.g. Float.
//           Please refer to the RedwoodJS Testing Docs:
//       https://redwoodjs.com/docs/testing#testing-services
// https://redwoodjs.com/docs/testing#jest-expect-type-considerations

describe('customDatums', () => {
  scenario('returns all customDatums', async (scenario) => {
    const result = await customDatums()

    expect(result.length).toEqual(Object.keys(scenario.customData).length)
  })

  scenario('returns a single customData', async (scenario) => {
    const result = await customData({ id: scenario.customData.one.id })

    expect(result).toEqual(scenario.customData.one)
  })

  scenario('creates a customData', async () => {
    const result = await createCustomData({
      input: { data: 'String' },
    })

    expect(result.data).toEqual('String')
  })

  scenario('updates a customData', async (scenario) => {
    const original = await customData({
      id: scenario.customData.one.id,
    })
    const result = await updateCustomData({
      id: original.id,
      input: { data: 'String2' },
    })

    expect(result.data).toEqual('String2')
  })

  scenario('deletes a customData', async (scenario) => {
    const original = await deleteCustomData({
      id: scenario.customData.one.id,
    })
    const result = await customData({ id: original.id })

    expect(result).toEqual(null)
  })
})
",
  "filePath": "/path/to/project/api/src/services/customDatums/customDatums.test.js",
}
`;

exports[`handler can be called with PascalCase model name 8`] = `
{
  "fileContent": "import { db } from 'src/lib/db'

export const customDatums = () => {
  return db.customData.findMany()
}

export const customData = ({ id }) => {
  return db.customData.findUnique({
    where: { id },
  })
}

export const createCustomData = ({ input }) => {
  return db.customData.create({
    data: input,
  })
}

export const updateCustomData = ({ id, input }) => {
  return db.customData.update({
    data: input,
    where: { id },
  })
}

export const deleteCustomData = ({ id }) => {
  return db.customData.delete({
    where: { id },
  })
}
",
  "filePath": "/path/to/project/api/src/services/customDatums/customDatums.js",
}
`;

exports[`handler can be called with camelCase model name 1`] = `
{
  "fileContent": "export const schema = gql\`
  type User {
    id: Int!
    name: String
    email: String!
    isAdmin: Boolean!
    profiles: [UserProfile]!
  }

  type Query {
    users: [User!]! @requireAuth
    user(id: Int!): User @requireAuth
  }

  input CreateUserInput {
    name: String
    email: String!
    isAdmin: Boolean!
  }

  input UpdateUserInput {
    name: String
    email: String
    isAdmin: Boolean
  }

  type Mutation {
    createUser(input: CreateUserInput!): User! @requireAuth
    updateUser(id: Int!, input: UpdateUserInput!): User! @requireAuth
    deleteUser(id: Int!): User! @requireAuth
  }
\`
",
  "filePath": "/path/to/project/api/src/graphql/users.sdl.js",
}
`;

exports[`handler can be called with camelCase model name 2`] = `
{
  "fileContent": "export const standard = defineScenario({
  user: {
    one: { data: { email: 'String1234567' } },
    two: { data: { email: 'String1234567' } },
  },
})
",
  "filePath": "/path/to/project/api/src/services/users/users.scenarios.js",
}
`;

exports[`handler can be called with camelCase model name 3`] = `
{
  "fileContent": "import { users, user, createUser, updateUser, deleteUser } from './users'

// Generated boilerplate tests do not account for all circumstances
// and can fail without adjustments, e.g. Float.
//           Please refer to the RedwoodJS Testing Docs:
//       https://redwoodjs.com/docs/testing#testing-services
// https://redwoodjs.com/docs/testing#jest-expect-type-considerations

describe('users', () => {
  scenario('returns all users', async (scenario) => {
    const result = await users()

    expect(result.length).toEqual(Object.keys(scenario.user).length)
  })

  scenario('returns a single user', async (scenario) => {
    const result = await user({ id: scenario.user.one.id })

    expect(result).toEqual(scenario.user.one)
  })

  scenario('creates a user', async () => {
    const result = await createUser({
      input: { email: 'String1234567' },
    })

    expect(result.email).toEqual('String1234567')
  })

  scenario('updates a user', async (scenario) => {
    const original = await user({ id: scenario.user.one.id })
    const result = await updateUser({
      id: original.id,
      input: { email: 'String12345672' },
    })

    expect(result.email).toEqual('String12345672')
  })

  scenario('deletes a user', async (scenario) => {
    const original = await deleteUser({ id: scenario.user.one.id })
    const result = await user({ id: original.id })

    expect(result).toEqual(null)
  })
})
",
  "filePath": "/path/to/project/api/src/services/users/users.test.js",
}
`;

exports[`handler can be called with camelCase model name 4`] = `
{
  "fileContent": "import { db } from 'src/lib/db'

export const users = () => {
  return db.user.findMany()
}

export const user = ({ id }) => {
  return db.user.findUnique({
    where: { id },
  })
}

export const createUser = ({ input }) => {
  return db.user.create({
    data: input,
  })
}

export const updateUser = ({ id, input }) => {
  return db.user.update({
    data: input,
    where: { id },
  })
}

export const deleteUser = ({ id }) => {
  return db.user.delete({
    where: { id },
  })
}

export const User = {
  profiles: (_obj, { root }) => {
    return db.user.findUnique({ where: { id: root?.id } }).profiles()
  },
}
",
  "filePath": "/path/to/project/api/src/services/users/users.js",
}
`;

exports[`handler can be called with camelCase model name 5`] = `
{
  "fileContent": "export const schema = gql\`
  type CustomData {
    id: Int!
    data: String!
  }

  type Query {
    customDatums: [CustomData!]! @requireAuth
    customData(id: Int!): CustomData @requireAuth
  }

  input CreateCustomDataInput {
    data: String!
  }

  input UpdateCustomDataInput {
    data: String
  }

  type Mutation {
    createCustomData(input: CreateCustomDataInput!): CustomData! @requireAuth
    updateCustomData(id: Int!, input: UpdateCustomDataInput!): CustomData!
      @requireAuth
    deleteCustomData(id: Int!): CustomData! @requireAuth
  }
\`
",
  "filePath": "/path/to/project/api/src/graphql/customDatums.sdl.js",
}
`;

exports[`handler can be called with camelCase model name 6`] = `
{
  "fileContent": "export const standard = defineScenario({
  customData: {
    one: { data: { data: 'String' } },
    two: { data: { data: 'String' } },
  },
})
",
  "filePath": "/path/to/project/api/src/services/customDatums/customDatums.scenarios.js",
}
`;

exports[`handler can be called with camelCase model name 7`] = `
{
  "fileContent": "import {
  customDatums,
  customData,
  createCustomData,
  updateCustomData,
  deleteCustomData,
} from './customDatums'

// Generated boilerplate tests do not account for all circumstances
// and can fail without adjustments, e.g. Float.
//           Please refer to the RedwoodJS Testing Docs:
//       https://redwoodjs.com/docs/testing#testing-services
// https://redwoodjs.com/docs/testing#jest-expect-type-considerations

describe('customDatums', () => {
  scenario('returns all customDatums', async (scenario) => {
    const result = await customDatums()

    expect(result.length).toEqual(Object.keys(scenario.customData).length)
  })

  scenario('returns a single customData', async (scenario) => {
    const result = await customData({ id: scenario.customData.one.id })

    expect(result).toEqual(scenario.customData.one)
  })

  scenario('creates a customData', async () => {
    const result = await createCustomData({
      input: { data: 'String' },
    })

    expect(result.data).toEqual('String')
  })

  scenario('updates a customData', async (scenario) => {
    const original = await customData({
      id: scenario.customData.one.id,
    })
    const result = await updateCustomData({
      id: original.id,
      input: { data: 'String2' },
    })

    expect(result.data).toEqual('String2')
  })

  scenario('deletes a customData', async (scenario) => {
    const original = await deleteCustomData({
      id: scenario.customData.one.id,
    })
    const result = await customData({ id: original.id })

    expect(result).toEqual(null)
  })
})
",
  "filePath": "/path/to/project/api/src/services/customDatums/customDatums.test.js",
}
`;

exports[`handler can be called with camelCase model name 8`] = `
{
  "fileContent": "import { db } from 'src/lib/db'

export const customDatums = () => {
  return db.customData.findMany()
}

export const customData = ({ id }) => {
  return db.customData.findUnique({
    where: { id },
  })
}

export const createCustomData = ({ input }) => {
  return db.customData.create({
    data: input,
  })
}

export const updateCustomData = ({ id, input }) => {
  return db.customData.update({
    data: input,
    where: { id },
  })
}

export const deleteCustomData = ({ id }) => {
  return db.customData.delete({
    where: { id },
  })
}
",
  "filePath": "/path/to/project/api/src/services/customDatums/customDatums.js",
}
`;

exports[`with graphql documentations in javascript mode creates a multi word sdl file 1`] = `
"export const schema = gql\`
  """
  Representation of UserProfile.
  """
  type UserProfile {
    "Description for id."
    id: Int!

    "Description for username."
    username: String!

    "Description for userId."
    userId: Int!

    "Description for user."
    user: User!
  }

  """
  About queries
  """
  type Query {
    "Fetch UserProfiles."
    userProfiles: [UserProfile!]! @requireAuth

    "Fetch a UserProfile by id."
    userProfile(id: Int!): UserProfile @requireAuth
  }

  """
  Autogenerated input type of InputUserProfile.
  """
  input CreateUserProfileInput {
    "Description for username."
    username: String!

    "Description for userId."
    userId: Int!
  }

  """
  Autogenerated input type of UpdateUserProfile.
  """
  input UpdateUserProfileInput {
    "Description for username."
    username: String

    "Description for userId."
    userId: Int
  }

  """
  About mutations
  """
  type Mutation {
    "Creates a new UserProfile."
    createUserProfile(input: CreateUserProfileInput!): UserProfile! @requireAuth

    "Updates an existing UserProfile."
    updateUserProfile(id: Int!, input: UpdateUserProfileInput!): UserProfile!
      @requireAuth

    "Deletes an existing UserProfile."
    deleteUserProfile(id: Int!): UserProfile! @requireAuth
  }
\`
"
`;

exports[`with graphql documentations in javascript mode creates a multi word sdl file with CRUD actions 1`] = `
"export const schema = gql\`
  """
  Representation of UserProfile.
  """
  type UserProfile {
    "Description for id."
    id: Int!

    "Description for username."
    username: String!

    "Description for userId."
    userId: Int!

    "Description for user."
    user: User!
  }

  """
  About queries
  """
  type Query {
    "Fetch UserProfiles."
    userProfiles: [UserProfile!]! @requireAuth

    "Fetch a UserProfile by id."
    userProfile(id: Int!): UserProfile @requireAuth
  }

  """
  Autogenerated input type of InputUserProfile.
  """
  input CreateUserProfileInput {
    "Description for username."
    username: String!

    "Description for userId."
    userId: Int!
  }

  """
  Autogenerated input type of UpdateUserProfile.
  """
  input UpdateUserProfileInput {
    "Description for username."
    username: String

    "Description for userId."
    userId: Int
  }

  """
  About mutations
  """
  type Mutation {
    "Creates a new UserProfile."
    createUserProfile(input: CreateUserProfileInput!): UserProfile! @requireAuth

    "Updates an existing UserProfile."
    updateUserProfile(id: Int!, input: UpdateUserProfileInput!): UserProfile!
      @requireAuth

    "Deletes an existing UserProfile."
    deleteUserProfile(id: Int!): UserProfile! @requireAuth
  }
\`
"
`;

exports[`with graphql documentations in javascript mode creates a sdl file with enum definitions 1`] = `
"export const schema = gql\`
  """
  A shoe worn by a user.
  """
  type Shoe {
    "The underlying ID"
    id: Int!

    "Shoe color"
    color: Color!
  }

  """
  A list of allowed colors.
  """
  enum Color {
    RED
    GREEN
    BLUE
  }

  """
  About queries
  """
  type Query {
    "Fetch Shoes."
    shoes: [Shoe!]! @requireAuth

    "Fetch a Shoe by id."
    shoe(id: Int!): Shoe @requireAuth
  }

  """
  Autogenerated input type of InputShoe.
  """
  input CreateShoeInput {
    "Shoe color"
    color: Color!
  }

  """
  Autogenerated input type of UpdateShoe.
  """
  input UpdateShoeInput {
    "Shoe color"
    color: Color
  }

  """
  About mutations
  """
  type Mutation {
    "Creates a new Shoe."
    createShoe(input: CreateShoeInput!): Shoe! @requireAuth

    "Updates an existing Shoe."
    updateShoe(id: Int!, input: UpdateShoeInput!): Shoe! @requireAuth

    "Deletes an existing Shoe."
    deleteShoe(id: Int!): Shoe! @requireAuth
  }
\`
"
`;

exports[`with graphql documentations in javascript mode creates a sdl file with json definitions 1`] = `
"export const schema = gql\`
  """
  A photograph taken by a user.
  """
  type Photo {
    "The underlying ID"
    id: Int!

    "The name of the Photo"
    name: String!

    "Description for metadata."
    metadata: JSON!
  }

  """
  About queries
  """
  type Query {
    "Fetch Photos."
    photos: [Photo!]! @requireAuth

    "Fetch a Photo by id."
    photo(id: Int!): Photo @requireAuth
  }

  """
  Autogenerated input type of InputPhoto.
  """
  input CreatePhotoInput {
    "The name of the Photo"
    name: String!

    "Description for metadata."
    metadata: JSON!
  }

  """
  Autogenerated input type of UpdatePhoto.
  """
  input UpdatePhotoInput {
    "The name of the Photo"
    name: String

    "Description for metadata."
    metadata: JSON
  }

  """
  About mutations
  """
  type Mutation {
    "Creates a new Photo."
    createPhoto(input: CreatePhotoInput!): Photo! @requireAuth

    "Updates an existing Photo."
    updatePhoto(id: Int!, input: UpdatePhotoInput!): Photo! @requireAuth

    "Deletes an existing Photo."
    deletePhoto(id: Int!): Photo! @requireAuth
  }
\`
"
`;

exports[`with graphql documentations in javascript mode creates a single word sdl file 1`] = `
"export const schema = gql\`
  """
  Representation of User.
  """
  type User {
    "Description for id."
    id: Int!

    "Description for name."
    name: String

    "Description for email."
    email: String!

    "Description for isAdmin."
    isAdmin: Boolean!

    "Description for profiles."
    profiles: [UserProfile]!
  }

  """
  About queries
  """
  type Query {
    "Fetch Users."
    users: [User!]! @requireAuth
  }

  """
  Autogenerated input type of InputUser.
  """
  input CreateUserInput {
    "Description for name."
    name: String

    "Description for email."
    email: String!

    "Description for isAdmin."
    isAdmin: Boolean!
  }

  """
  Autogenerated input type of UpdateUser.
  """
  input UpdateUserInput {
    "Description for name."
    name: String

    "Description for email."
    email: String

    "Description for isAdmin."
    isAdmin: Boolean
  }
\`
"
`;

exports[`with graphql documentations in javascript mode creates a single word sdl file with CRUD actions 1`] = `
"export const schema = gql\`
  """
  Representation of Post.
  """
  type Post {
    "Description for id."
    id: Int!

    "Description for title."
    title: String!

    "Description for slug."
    slug: String!

    "Description for author."
    author: String!

    "Description for body."
    body: String!

    "Description for image."
    image: String

    "Description for postedAt."
    postedAt: DateTime
  }

  """
  About queries
  """
  type Query {
    "Fetch Posts."
    posts: [Post!]! @requireAuth

    "Fetch a Post by id."
    post(id: Int!): Post @requireAuth
  }

  """
  Autogenerated input type of InputPost.
  """
  input CreatePostInput {
    "Description for title."
    title: String!

    "Description for slug."
    slug: String!

    "Description for author."
    author: String!

    "Description for body."
    body: String!

    "Description for image."
    image: String

    "Description for postedAt."
    postedAt: DateTime
  }

  """
  Autogenerated input type of UpdatePost.
  """
  input UpdatePostInput {
    "Description for title."
    title: String

    "Description for slug."
    slug: String

    "Description for author."
    author: String

    "Description for body."
    body: String

    "Description for image."
    image: String

    "Description for postedAt."
    postedAt: DateTime
  }

  """
  About mutations
  """
  type Mutation {
    "Creates a new Post."
    createPost(input: CreatePostInput!): Post! @requireAuth

    "Updates an existing Post."
    updatePost(id: Int!, input: UpdatePostInput!): Post! @requireAuth

    "Deletes an existing Post."
    deletePost(id: Int!): Post! @requireAuth
  }
\`
"
`;

exports[`with graphql documentations in typescript mode creates a multi word sdl file 1`] = `
"export const schema = gql\`
  """
  Representation of UserProfile.
  """
  type UserProfile {
    "Description for id."
    id: Int!

    "Description for username."
    username: String!

    "Description for userId."
    userId: Int!

    "Description for user."
    user: User!
  }

  """
  About queries
  """
  type Query {
    "Fetch UserProfiles."
    userProfiles: [UserProfile!]! @requireAuth

    "Fetch a UserProfile by id."
    userProfile(id: Int!): UserProfile @requireAuth
  }

  """
  Autogenerated input type of InputUserProfile.
  """
  input CreateUserProfileInput {
    "Description for username."
    username: String!

    "Description for userId."
    userId: Int!
  }

  """
  Autogenerated input type of UpdateUserProfile.
  """
  input UpdateUserProfileInput {
    "Description for username."
    username: String

    "Description for userId."
    userId: Int
  }

  """
  About mutations
  """
  type Mutation {
    "Creates a new UserProfile."
    createUserProfile(input: CreateUserProfileInput!): UserProfile! @requireAuth

    "Updates an existing UserProfile."
    updateUserProfile(id: Int!, input: UpdateUserProfileInput!): UserProfile!
      @requireAuth

    "Deletes an existing UserProfile."
    deleteUserProfile(id: Int!): UserProfile! @requireAuth
  }
\`
"
`;

exports[`with graphql documentations in typescript mode creates a multi word sdl file with CRUD actions 1`] = `
"export const schema = gql\`
  """
  Representation of UserProfile.
  """
  type UserProfile {
    "Description for id."
    id: Int!

    "Description for username."
    username: String!

    "Description for userId."
    userId: Int!

    "Description for user."
    user: User!
  }

  """
  About queries
  """
  type Query {
    "Fetch UserProfiles."
    userProfiles: [UserProfile!]! @requireAuth

    "Fetch a UserProfile by id."
    userProfile(id: Int!): UserProfile @requireAuth
  }

  """
  Autogenerated input type of InputUserProfile.
  """
  input CreateUserProfileInput {
    "Description for username."
    username: String!

    "Description for userId."
    userId: Int!
  }

  """
  Autogenerated input type of UpdateUserProfile.
  """
  input UpdateUserProfileInput {
    "Description for username."
    username: String

    "Description for userId."
    userId: Int
  }

  """
  About mutations
  """
  type Mutation {
    "Creates a new UserProfile."
    createUserProfile(input: CreateUserProfileInput!): UserProfile! @requireAuth

    "Updates an existing UserProfile."
    updateUserProfile(id: Int!, input: UpdateUserProfileInput!): UserProfile!
      @requireAuth

    "Deletes an existing UserProfile."
    deleteUserProfile(id: Int!): UserProfile! @requireAuth
  }
\`
"
`;

exports[`with graphql documentations in typescript mode creates a sdl file with enum definitions 1`] = `
"export const schema = gql\`
  """
  A shoe worn by a user.
  """
  type Shoe {
    "The underlying ID"
    id: Int!

    "Shoe color"
    color: Color!
  }

  """
  A list of allowed colors.
  """
  enum Color {
    RED
    GREEN
    BLUE
  }

  """
  About queries
  """
  type Query {
    "Fetch Shoes."
    shoes: [Shoe!]! @requireAuth

    "Fetch a Shoe by id."
    shoe(id: Int!): Shoe @requireAuth
  }

  """
  Autogenerated input type of InputShoe.
  """
  input CreateShoeInput {
    "Shoe color"
    color: Color!
  }

  """
  Autogenerated input type of UpdateShoe.
  """
  input UpdateShoeInput {
    "Shoe color"
    color: Color
  }

  """
  About mutations
  """
  type Mutation {
    "Creates a new Shoe."
    createShoe(input: CreateShoeInput!): Shoe! @requireAuth

    "Updates an existing Shoe."
    updateShoe(id: Int!, input: UpdateShoeInput!): Shoe! @requireAuth

    "Deletes an existing Shoe."
    deleteShoe(id: Int!): Shoe! @requireAuth
  }
\`
"
`;

exports[`with graphql documentations in typescript mode creates a sdl file with json definitions 1`] = `
"export const schema = gql\`
  """
  A photograph taken by a user.
  """
  type Photo {
    "The underlying ID"
    id: Int!

    "The name of the Photo"
    name: String!

    "Description for metadata."
    metadata: JSON!
  }

  """
  About queries
  """
  type Query {
    "Fetch Photos."
    photos: [Photo!]! @requireAuth

    "Fetch a Photo by id."
    photo(id: Int!): Photo @requireAuth
  }

  """
  Autogenerated input type of InputPhoto.
  """
  input CreatePhotoInput {
    "The name of the Photo"
    name: String!

    "Description for metadata."
    metadata: JSON!
  }

  """
  Autogenerated input type of UpdatePhoto.
  """
  input UpdatePhotoInput {
    "The name of the Photo"
    name: String

    "Description for metadata."
    metadata: JSON
  }

  """
  About mutations
  """
  type Mutation {
    "Creates a new Photo."
    createPhoto(input: CreatePhotoInput!): Photo! @requireAuth

    "Updates an existing Photo."
    updatePhoto(id: Int!, input: UpdatePhotoInput!): Photo! @requireAuth

    "Deletes an existing Photo."
    deletePhoto(id: Int!): Photo! @requireAuth
  }
\`
"
`;

exports[`with graphql documentations in typescript mode creates a single word sdl file 1`] = `
"export const schema = gql\`
  """
  Representation of User.
  """
  type User {
    "Description for id."
    id: Int!

    "Description for name."
    name: String

    "Description for email."
    email: String!

    "Description for isAdmin."
    isAdmin: Boolean!

    "Description for profiles."
    profiles: [UserProfile]!
  }

  """
  About queries
  """
  type Query {
    "Fetch Users."
    users: [User!]! @requireAuth
  }

  """
  Autogenerated input type of InputUser.
  """
  input CreateUserInput {
    "Description for name."
    name: String

    "Description for email."
    email: String!

    "Description for isAdmin."
    isAdmin: Boolean!
  }

  """
  Autogenerated input type of UpdateUser.
  """
  input UpdateUserInput {
    "Description for name."
    name: String

    "Description for email."
    email: String

    "Description for isAdmin."
    isAdmin: Boolean
  }
\`
"
`;

exports[`with graphql documentations in typescript mode creates a single word sdl file with CRUD actions 1`] = `
"export const schema = gql\`
  """
  Representation of Post.
  """
  type Post {
    "Description for id."
    id: Int!

    "Description for title."
    title: String!

    "Description for slug."
    slug: String!

    "Description for author."
    author: String!

    "Description for body."
    body: String!

    "Description for image."
    image: String

    "Description for postedAt."
    postedAt: DateTime
  }

  """
  About queries
  """
  type Query {
    "Fetch Posts."
    posts: [Post!]! @requireAuth

    "Fetch a Post by id."
    post(id: Int!): Post @requireAuth
  }

  """
  Autogenerated input type of InputPost.
  """
  input CreatePostInput {
    "Description for title."
    title: String!

    "Description for slug."
    slug: String!

    "Description for author."
    author: String!

    "Description for body."
    body: String!

    "Description for image."
    image: String

    "Description for postedAt."
    postedAt: DateTime
  }

  """
  Autogenerated input type of UpdatePost.
  """
  input UpdatePostInput {
    "Description for title."
    title: String

    "Description for slug."
    slug: String

    "Description for author."
    author: String

    "Description for body."
    body: String

    "Description for image."
    image: String

    "Description for postedAt."
    postedAt: DateTime
  }

  """
  About mutations
  """
  type Mutation {
    "Creates a new Post."
    createPost(input: CreatePostInput!): Post! @requireAuth

    "Updates an existing Post."
    updatePost(id: Int!, input: UpdatePostInput!): Post! @requireAuth

    "Deletes an existing Post."
    deletePost(id: Int!): Post! @requireAuth
  }
\`
"
`;

exports[`without graphql documentations in javascript mode creates a multi word sdl file 1`] = `
"export const schema = gql\`
  type UserProfile {
    id: Int!
    username: String!
    userId: Int!
    user: User!
  }

  type Query {
    userProfiles: [UserProfile!]! @requireAuth
    userProfile(id: Int!): UserProfile @requireAuth
  }

  input CreateUserProfileInput {
    username: String!
    userId: Int!
  }

  input UpdateUserProfileInput {
    username: String
    userId: Int
  }

  type Mutation {
    createUserProfile(input: CreateUserProfileInput!): UserProfile! @requireAuth
    updateUserProfile(id: Int!, input: UpdateUserProfileInput!): UserProfile!
      @requireAuth
    deleteUserProfile(id: Int!): UserProfile! @requireAuth
  }
\`
"
`;

exports[`without graphql documentations in javascript mode creates a multi word sdl file with CRUD actions 1`] = `
"export const schema = gql\`
  type UserProfile {
    id: Int!
    username: String!
    userId: Int!
    user: User!
  }

  type Query {
    userProfiles: [UserProfile!]! @requireAuth
    userProfile(id: Int!): UserProfile @requireAuth
  }

  input CreateUserProfileInput {
    username: String!
    userId: Int!
  }

  input UpdateUserProfileInput {
    username: String
    userId: Int
  }

  type Mutation {
    createUserProfile(input: CreateUserProfileInput!): UserProfile! @requireAuth
    updateUserProfile(id: Int!, input: UpdateUserProfileInput!): UserProfile!
      @requireAuth
    deleteUserProfile(id: Int!): UserProfile! @requireAuth
  }
\`
"
`;

exports[`without graphql documentations in javascript mode creates a sdl file with enum definitions 1`] = `
"export const schema = gql\`
  type Shoe {
    id: Int!
    color: Color!
  }

  enum Color {
    RED
    GREEN
    BLUE
  }

  type Query {
    shoes: [Shoe!]! @requireAuth
    shoe(id: Int!): Shoe @requireAuth
  }

  input CreateShoeInput {
    color: Color!
  }

  input UpdateShoeInput {
    color: Color
  }

  type Mutation {
    createShoe(input: CreateShoeInput!): Shoe! @requireAuth
    updateShoe(id: Int!, input: UpdateShoeInput!): Shoe! @requireAuth
    deleteShoe(id: Int!): Shoe! @requireAuth
  }
\`
"
`;

exports[`without graphql documentations in javascript mode creates a sdl file with json definitions 1`] = `
"export const schema = gql\`
  type Photo {
    id: Int!
    name: String!
    metadata: JSON!
  }

  type Query {
    photos: [Photo!]! @requireAuth
    photo(id: Int!): Photo @requireAuth
  }

  input CreatePhotoInput {
    name: String!
    metadata: JSON!
  }

  input UpdatePhotoInput {
    name: String
    metadata: JSON
  }

  type Mutation {
    createPhoto(input: CreatePhotoInput!): Photo! @requireAuth
    updatePhoto(id: Int!, input: UpdatePhotoInput!): Photo! @requireAuth
    deletePhoto(id: Int!): Photo! @requireAuth
  }
\`
"
`;

exports[`without graphql documentations in javascript mode creates a single word sdl file 1`] = `
"export const schema = gql\`
  type User {
    id: Int!
    name: String
    email: String!
    isAdmin: Boolean!
    profiles: [UserProfile]!
  }

  type Query {
    users: [User!]! @requireAuth
  }

  input CreateUserInput {
    name: String
    email: String!
    isAdmin: Boolean!
  }

  input UpdateUserInput {
    name: String
    email: String
    isAdmin: Boolean
  }
\`
"
`;

exports[`without graphql documentations in javascript mode creates a single word sdl file with CRUD actions 1`] = `
"export const schema = gql\`
  type Post {
    id: Int!
    title: String!
    slug: String!
    author: String!
    body: String!
    image: String
    postedAt: DateTime
  }

  type Query {
    posts: [Post!]! @requireAuth
    post(id: Int!): Post @requireAuth
  }

  input CreatePostInput {
    title: String!
    slug: String!
    author: String!
    body: String!
    image: String
    postedAt: DateTime
  }

  input UpdatePostInput {
    title: String
    slug: String
    author: String
    body: String
    image: String
    postedAt: DateTime
  }

  type Mutation {
    createPost(input: CreatePostInput!): Post! @requireAuth
    updatePost(id: Int!, input: UpdatePostInput!): Post! @requireAuth
    deletePost(id: Int!): Post! @requireAuth
  }
\`
"
`;

exports[`without graphql documentations in typescript mode creates a multi word sdl file 1`] = `
"export const schema = gql\`
  type UserProfile {
    id: Int!
    username: String!
    userId: Int!
    user: User!
  }

  type Query {
    userProfiles: [UserProfile!]! @requireAuth
    userProfile(id: Int!): UserProfile @requireAuth
  }

  input CreateUserProfileInput {
    username: String!
    userId: Int!
  }

  input UpdateUserProfileInput {
    username: String
    userId: Int
  }

  type Mutation {
    createUserProfile(input: CreateUserProfileInput!): UserProfile! @requireAuth
    updateUserProfile(id: Int!, input: UpdateUserProfileInput!): UserProfile!
      @requireAuth
    deleteUserProfile(id: Int!): UserProfile! @requireAuth
  }
\`
"
`;

exports[`without graphql documentations in typescript mode creates a multi word sdl file with CRUD actions 1`] = `
"export const schema = gql\`
  type UserProfile {
    id: Int!
    username: String!
    userId: Int!
    user: User!
  }

  type Query {
    userProfiles: [UserProfile!]! @requireAuth
    userProfile(id: Int!): UserProfile @requireAuth
  }

  input CreateUserProfileInput {
    username: String!
    userId: Int!
  }

  input UpdateUserProfileInput {
    username: String
    userId: Int
  }

  type Mutation {
    createUserProfile(input: CreateUserProfileInput!): UserProfile! @requireAuth
    updateUserProfile(id: Int!, input: UpdateUserProfileInput!): UserProfile!
      @requireAuth
    deleteUserProfile(id: Int!): UserProfile! @requireAuth
  }
\`
"
`;

exports[`without graphql documentations in typescript mode creates a sdl file with enum definitions 1`] = `
"export const schema = gql\`
  type Shoe {
    id: Int!
    color: Color!
  }

  enum Color {
    RED
    GREEN
    BLUE
  }

  type Query {
    shoes: [Shoe!]! @requireAuth
    shoe(id: Int!): Shoe @requireAuth
  }

  input CreateShoeInput {
    color: Color!
  }

  input UpdateShoeInput {
    color: Color
  }

  type Mutation {
    createShoe(input: CreateShoeInput!): Shoe! @requireAuth
    updateShoe(id: Int!, input: UpdateShoeInput!): Shoe! @requireAuth
    deleteShoe(id: Int!): Shoe! @requireAuth
  }
\`
"
`;

exports[`without graphql documentations in typescript mode creates a sdl file with json definitions 1`] = `
"export const schema = gql\`
  type Photo {
    id: Int!
    name: String!
    metadata: JSON!
  }

  type Query {
    photos: [Photo!]! @requireAuth
    photo(id: Int!): Photo @requireAuth
  }

  input CreatePhotoInput {
    name: String!
    metadata: JSON!
  }

  input UpdatePhotoInput {
    name: String
    metadata: JSON
  }

  type Mutation {
    createPhoto(input: CreatePhotoInput!): Photo! @requireAuth
    updatePhoto(id: Int!, input: UpdatePhotoInput!): Photo! @requireAuth
    deletePhoto(id: Int!): Photo! @requireAuth
  }
\`
"
`;

exports[`without graphql documentations in typescript mode creates a single word sdl file 1`] = `
"export const schema = gql\`
  type User {
    id: Int!
    name: String
    email: String!
    isAdmin: Boolean!
    profiles: [UserProfile]!
  }

  type Query {
    users: [User!]! @requireAuth
  }

  input CreateUserInput {
    name: String
    email: String!
    isAdmin: Boolean!
  }

  input UpdateUserInput {
    name: String
    email: String
    isAdmin: Boolean
  }
\`
"
`;

exports[`without graphql documentations in typescript mode creates a single word sdl file with CRUD actions 1`] = `
"export const schema = gql\`
  type Post {
    id: Int!
    title: String!
    slug: String!
    author: String!
    body: String!
    image: String
    postedAt: DateTime
  }

  type Query {
    posts: [Post!]! @requireAuth
    post(id: Int!): Post @requireAuth
  }

  input CreatePostInput {
    title: String!
    slug: String!
    author: String!
    body: String!
    image: String
    postedAt: DateTime
  }

  input UpdatePostInput {
    title: String
    slug: String
    author: String
    body: String
    image: String
    postedAt: DateTime
  }

  type Mutation {
    createPost(input: CreatePostInput!): Post! @requireAuth
    updatePost(id: Int!, input: UpdatePostInput!): Post! @requireAuth
    deletePost(id: Int!): Post! @requireAuth
  }
\`
"
`;
